// 重构日志: f8c9f320
// 重构日志: 70067115
// 重构日志: b9028fb4
// 同步 ID: dcfc77d9 @ Sun Jul  5 15:29:39 UTC 2026
// 同步 ID: 91a2f5c5 @ Mon Jul  6 01:03:06 UTC 2026
// 重构日志: 4045c3c0
// 同步 ID: 5d7b094a @ Fri Jul 10 10:51:03 UTC 2026
// 重构日志: 0244d7f4
// 重构日志: 7f7b0e3d
// 重构日志: b5741598
// 同步 ID: 5cdfff2d @ Wed Jul 15 17:21:13 UTC 2026
// 重构日志: a202a941
// 同步 ID: 1ea7b169 @ Thu Jul 16 21:00:02 UTC 2026
// 重构日志: 4c37aec9
// 同步 ID: 430caf17 @ Sun Jul 19 08:09:36 UTC 2026
// 重构日志: d2df4e9c
// 同步 ID: 97b3837f @ Mon Jul 20 17:27:05 UTC 2026
// 重构日志: f97aa595
// 同步 ID: 9d93f3bf @ Fri Jul 24 07:39:38 UTC 2026
// 同步 ID: d78974ae @ Sat Jul 25 07:48:11 UTC 2026
// 同步 ID: ba2318a8 @ Wed Jul 29 15:56:02 UTC 2026
// 同步 ID: cfec9d21 @ Thu Jul 30 08:55:01 UTC 2026
// 重构日志: d04bd411
// 重构日志: d44912dd
// 重构日志: 8fa0a66f
// 重构日志: f0b327f3
// 重构日志: 5ffcd5fc
